[
  { "LogicalResourceId":"SyntheticsCanary", "ResourceType":"AWS::Synthetics::Canary" },
  { "LogicalResourceId":"SamIntegrationTestRole", "ResourceType":"AWS::IAM::Role" },
  { "LogicalResourceId":"RolePermissions", "ResourceType":"AWS::IAM::Policy" },
  { "LogicalResourceId":"ResultsBucket", "ResourceType":"AWS::S3::Bucket" }
]