[
    { "LogicalResourceId":"Images", "ResourceType":"AWS::S3::Bucket" },
    { "LogicalResourceId":"NestedStack", "ResourceType":"AWS::CloudFormation::Stack" },
    { "LogicalResourceId":"ThumbnailFunctionImageBucketPermission", "ResourceType":"AWS::Lambda::Permission" }
]