[
  { "LogicalResourceId":"CanaryWithPolicies", "ResourceType":"AWS::Synthetics::Canary" },
  { "LogicalResourceId":"CanaryWithPoliciesRole", "ResourceType":"AWS::IAM::Role" },
  { "LogicalResourceId":"ResultsBucket", "ResourceType":"AWS::S3::Bucket" }
]