[
  { "LogicalResourceId":"SyntheticsCanary", "ResourceType":"AWS::Synthetics::Canary" },
  { "LogicalResourceId":"CloudWatchSyntheticsRole", "ResourceType":"AWS::IAM::Role" },
  { "LogicalResourceId":"RolePermissions", "ResourceType":"AWS::IAM::Policy" },
  { "LogicalResourceId":"SyntheticsCanaryArtifactBucket", "ResourceType":"AWS::S3::Bucket" }
]