{
  "Metadata": {
    "SamTransformTest": true
  },
  "Resources": {
    "Bucket": {
      "Type": "AWS::S3::Bucket"
    },
    "Bucket2": {
      "Type": "AWS::S3::Bucket"
    },
    "ConnectorPolicyDestination0": {
      "Metadata": {
        "aws:sam:connectors": {
          "Connector": {
            "Destination": {
              "Type": "AWS::S3::Bucket"
            },
            "Source": {
              "Type": "AWS::Lambda::Function"
            }
          }
        }
      },
      "Properties": {
        "PolicyDocument": {
          "Statement": [
            {
              "Action": [
                "s3:GetObject",
                "s3:GetObjectAcl",
                "s3:GetObjectLegalHold",
                "s3:GetObjectRetention",
                "s3:GetObjectTorrent",
                "s3:GetObjectVersion",
                "s3:GetObjectVersionAcl",
                "s3:GetObjectVersionForReplication",
                "s3:GetObjectVersionTorrent",
                "s3:ListBucket",
                "s3:ListBucketMultipartUploads",
                "s3:ListBucketVersions",
                "s3:ListMultipartUploadParts"
              ],
              "Effect": "Allow",
              "Resource": [
                {
                  "Fn::GetAtt": [
                    "Bucket",
                    "Arn"
                  ]
                },
                {
                  "Fn::Sub": [
                    "${DestinationArn}/*",
                    {
                      "DestinationArn": {
                        "Fn::GetAtt": [
                          "Bucket",
                          "Arn"
                        ]
                      }
                    }
                  ]
                }
              ]
            }
          ],
          "Version": "2012-10-17"
        },
        "Roles": [
          {
            "Ref": "LambdaRole"
          }
        ]
      },
      "Type": "AWS::IAM::ManagedPolicy"
    },
    "ConnectorPolicyDestination1": {
      "Metadata": {
        "aws:sam:connectors": {
          "Connector": {
            "Destination": {
              "Type": "AWS::S3::Bucket"
            },
            "Source": {
              "Type": "AWS::Lambda::Function"
            }
          }
        }
      },
      "Properties": {
        "PolicyDocument": {
          "Statement": [
            {
              "Action": [
                "s3:GetObject",
                "s3:GetObjectAcl",
                "s3:GetObjectLegalHold",
                "s3:GetObjectRetention",
                "s3:GetObjectTorrent",
                "s3:GetObjectVersion",
                "s3:GetObjectVersionAcl",
                "s3:GetObjectVersionForReplication",
                "s3:GetObjectVersionTorrent",
                "s3:ListBucket",
                "s3:ListBucketMultipartUploads",
                "s3:ListBucketVersions",
                "s3:ListMultipartUploadParts"
              ],
              "Effect": "Allow",
              "Resource": [
                {
                  "Fn::GetAtt": [
                    "Bucket2",
                    "Arn"
                  ]
                },
                {
                  "Fn::Sub": [
                    "${DestinationArn}/*",
                    {
                      "DestinationArn": {
                        "Fn::GetAtt": [
                          "Bucket2",
                          "Arn"
                        ]
                      }
                    }
                  ]
                }
              ]
            }
          ],
          "Version": "2012-10-17"
        },
        "Roles": [
          {
            "Ref": "LambdaRole"
          }
        ]
      },
      "Type": "AWS::IAM::ManagedPolicy"
    },
    "LambdaRole": {
      "Properties": {
        "AssumeRolePolicyDocument": {
          "Statement": [
            {
              "Action": "sts:AssumeRole",
              "Effect": "Allow",
              "Principal": {
                "Service": "lambda.amazonaws.com"
              }
            }
          ]
        },
        "ManagedPolicyArns": [
          {
            "Fn::Sub": "arn:${AWS::Partition}:iam::aws:policy/service-role/AWSLambdaBasicExecutionRole"
          }
        ]
      },
      "Type": "AWS::IAM::Role"
    },
    "TriggerFunction": {
      "Properties": {
        "Code": {
          "ZipFile": "const AWS = require('aws-sdk');\nvar head_params = {\n  Bucket: process.env.BUCKET,\n};\nvar head_params_2 = {\n  Bucket: process.env.BUCKET2,\n}\nexports.handler = async (event) => {\n  console.log('REQUEST RECEIVED:', JSON.stringify(event));\n  var s3 = new AWS.S3();\n  await s3.headBucket(head_params).promise();\n  await s3.headBucket(head_params_2).promise();\n};\n"
        },
        "Environment": {
          "Variables": {
            "BUCKET": {
              "Ref": "Bucket"
            },
            "BUCKET2": {
              "Ref": "Bucket2"
            }
          }
        },
        "Handler": "index.handler",
        "Role": {
          "Fn::GetAtt": [
            "LambdaRole",
            "Arn"
          ]
        },
        "Runtime": "nodejs14.x"
      },
      "Type": "AWS::Lambda::Function"
    }
  }
}
