[
  {
    "LogicalResourceId": "MyLambdaFunction",
    "ResourceType": "AWS::Lambda::Function"
  },
  {
    "LogicalResourceId": "LambdaFunctionRole",
    "ResourceType": "AWS::IAM::Role"
  },
  {
    "LogicalResourceId": "SuperCoolAPI",
    "ResourceType": "AWS::AppSync::GraphQLApi"
  },
  {
    "LogicalResourceId": "SuperCoolAPISchema",
    "ResourceType": "AWS::AppSync::GraphQLSchema"
  },
  {
    "LogicalResourceId": "SuperCoolAPICloudWatchRole",
    "ResourceType": "AWS::IAM::Role"
  },
  {
    "LogicalResourceId": "SuperCoolAPIMyApiKey",
    "ResourceType": "AWS::AppSync::ApiKey"
  },
  {
    "LogicalResourceId": "SuperCoolAPILambdaMyLambdaDataSource",
    "ResourceType": "AWS::AppSync::DataSource"
  },
  {
    "LogicalResourceId": "SuperCoolAPILambdaMyLambdaDataSourceRole",
    "ResourceType": "AWS::IAM::Role"
  },
  {
    "LogicalResourceId": "SuperCoolAPILambdaMyLambdaDataSourceToLambdaConnectorPolicy",
    "ResourceType": "AWS::IAM::ManagedPolicy"
  },
  {
    "LogicalResourceId": "SuperCoolAPIlambdaInvoker",
    "ResourceType": "AWS::AppSync::FunctionConfiguration"
  },
  {
    "LogicalResourceId": "SuperCoolAPIMutationaddPost",
    "ResourceType": "AWS::AppSync::Resolver"
  },
  {
    "LogicalResourceId": "SuperCoolAPIQuerygetPost",
    "ResourceType": "AWS::AppSync::Resolver"
  }
]
