{
  "MyLambdaFunction": "AWS::Lambda::Function",
  "MyLambdaFunctionRole": "AWS::IAM::Role"
}